/home/notjitin/Work/Neutrinos/community-insights-dashboard/ml/laya/.venv/lib/python3.11/site-packages/torch/jit/_script.py:1491: FutureWarning: `torch.jit.script` is deprecated. Please switch to `torch.compile` or `torch.export`.
  warnings.warn(
device: cuda, labels: ['ai_hub', 'alpha', 'components', 'email', 'identity_server', 'person', 'reels', 'ssd', 'studio', 'trinity']
train pairs: 2737 | val pairs: 304
base checkpoint: /home/notjitin/Work/Neutrinos/community-insights-dashboard/ml/gliner/checkpoints/forum-v2
/home/notjitin/Work/Neutrinos/community-insights-dashboard/ml/laya/.venv/lib/python3.11/site-packages/gliner/data_processing/processor.py:424: UserWarning: Sentence of length 2089 has been truncated to 384
  self.preprocess_example(b["tokenized_text"], b[key], class_to_ids[i]) for i, b in enumerate(batch_list)
  epoch 1 step 40/1369 loss 0.3297
/home/notjitin/Work/Neutrinos/community-insights-dashboard/ml/laya/.venv/lib/python3.11/site-packages/gliner/data_processing/processor.py:424: UserWarning: Sentence of length 1052 has been truncated to 384
  self.preprocess_example(b["tokenized_text"], b[key], class_to_ids[i]) for i, b in enumerate(batch_list)
/home/notjitin/Work/Neutrinos/community-insights-dashboard/ml/laya/.venv/lib/python3.11/site-packages/gliner/data_processing/processor.py:424: UserWarning: Sentence of length 549 has been truncated to 384
  self.preprocess_example(b["tokenized_text"], b[key], class_to_ids[i]) for i, b in enumerate(batch_list)
/home/notjitin/Work/Neutrinos/community-insights-dashboard/ml/laya/.venv/lib/python3.11/site-packages/gliner/data_processing/processor.py:424: UserWarning: Sentence of length 525 has been truncated to 384
  self.preprocess_example(b["tokenized_text"], b[key], class_to_ids[i]) for i, b in enumerate(batch_list)
/home/notjitin/Work/Neutrinos/community-insights-dashboard/ml/laya/.venv/lib/python3.11/site-packages/gliner/data_processing/processor.py:424: UserWarning: Sentence of length 668 has been truncated to 384
  self.preprocess_example(b["tokenized_text"], b[key], class_to_ids[i]) for i, b in enumerate(batch_list)
/home/notjitin/Work/Neutrinos/community-insights-dashboard/ml/laya/.venv/lib/python3.11/site-packages/gliner/data_processing/processor.py:424: UserWarning: Sentence of length 798 has been truncated to 384
  self.preprocess_example(b["tokenized_text"], b[key], class_to_ids[i]) for i, b in enumerate(batch_list)
/home/notjitin/Work/Neutrinos/community-insights-dashboard/ml/laya/.venv/lib/python3.11/site-packages/gliner/data_processing/processor.py:424: UserWarning: Sentence of length 505 has been truncated to 384
  self.preprocess_example(b["tokenized_text"], b[key], class_to_ids[i]) for i, b in enumerate(batch_list)
/home/notjitin/Work/Neutrinos/community-insights-dashboard/ml/laya/.venv/lib/python3.11/site-packages/gliner/data_processing/processor.py:424: UserWarning: Sentence of length 413 has been truncated to 384
  self.preprocess_example(b["tokenized_text"], b[key], class_to_ids[i]) for i, b in enumerate(batch_list)
/home/notjitin/Work/Neutrinos/community-insights-dashboard/ml/laya/.venv/lib/python3.11/site-packages/gliner/data_processing/processor.py:424: UserWarning: Sentence of length 868 has been truncated to 384
  self.preprocess_example(b["tokenized_text"], b[key], class_to_ids[i]) for i, b in enumerate(batch_list)
  epoch 1 step 80/1369 loss 0.1956
/home/notjitin/Work/Neutrinos/community-insights-dashboard/ml/laya/.venv/lib/python3.11/site-packages/gliner/data_processing/processor.py:424: UserWarning: Sentence of length 1116 has been truncated to 384
  self.preprocess_example(b["tokenized_text"], b[key], class_to_ids[i]) for i, b in enumerate(batch_list)
/home/notjitin/Work/Neutrinos/community-insights-dashboard/ml/laya/.venv/lib/python3.11/site-packages/gliner/data_processing/processor.py:424: UserWarning: Sentence of length 722 has been truncated to 384
  self.preprocess_example(b["tokenized_text"], b[key], class_to_ids[i]) for i, b in enumerate(batch_list)
/home/notjitin/Work/Neutrinos/community-insights-dashboard/ml/laya/.venv/lib/python3.11/site-packages/gliner/data_processing/processor.py:424: UserWarning: Sentence of length 420 has been truncated to 384
  self.preprocess_example(b["tokenized_text"], b[key], class_to_ids[i]) for i, b in enumerate(batch_list)
/home/notjitin/Work/Neutrinos/community-insights-dashboard/ml/laya/.venv/lib/python3.11/site-packages/gliner/data_processing/processor.py:424: UserWarning: Sentence of length 1059 has been truncated to 384
  self.preprocess_example(b["tokenized_text"], b[key], class_to_ids[i]) for i, b in enumerate(batch_list)
/home/notjitin/Work/Neutrinos/community-insights-dashboard/ml/laya/.venv/lib/python3.11/site-packages/gliner/data_processing/processor.py:424: UserWarning: Sentence of length 497 has been truncated to 384
  self.preprocess_example(b["tokenized_text"], b[key], class_to_ids[i]) for i, b in enumerate(batch_list)
  epoch 1 step 120/1369 loss 0.0078
/home/notjitin/Work/Neutrinos/community-insights-dashboard/ml/laya/.venv/lib/python3.11/site-packages/gliner/data_processing/processor.py:424: UserWarning: Sentence of length 404 has been truncated to 384
  self.preprocess_example(b["tokenized_text"], b[key], class_to_ids[i]) for i, b in enumerate(batch_list)
/home/notjitin/Work/Neutrinos/community-insights-dashboard/ml/laya/.venv/lib/python3.11/site-packages/gliner/data_processing/processor.py:424: UserWarning: Sentence of length 396 has been truncated to 384
  self.preprocess_example(b["tokenized_text"], b[key], class_to_ids[i]) for i, b in enumerate(batch_list)
/home/notjitin/Work/Neutrinos/community-insights-dashboard/ml/laya/.venv/lib/python3.11/site-packages/gliner/data_processing/processor.py:424: UserWarning: Sentence of length 663 has been truncated to 384
  self.preprocess_example(b["tokenized_text"], b[key], class_to_ids[i]) for i, b in enumerate(batch_list)
/home/notjitin/Work/Neutrinos/community-insights-dashboard/ml/laya/.venv/lib/python3.11/site-packages/gliner/data_processing/processor.py:424: UserWarning: Sentence of length 794 has been truncated to 384
  self.preprocess_example(b["tokenized_text"], b[key], class_to_ids[i]) for i, b in enumerate(batch_list)
  epoch 1 step 160/1369 loss 2.5501
/home/notjitin/Work/Neutrinos/community-insights-dashboard/ml/laya/.venv/lib/python3.11/site-packages/gliner/data_processing/processor.py:424: UserWarning: Sentence of length 941 has been truncated to 384
  self.preprocess_example(b["tokenized_text"], b[key], class_to_ids[i]) for i, b in enumerate(batch_list)
  epoch 1 step 200/1369 loss 0.0398
/home/notjitin/Work/Neutrinos/community-insights-dashboard/ml/laya/.venv/lib/python3.11/site-packages/gliner/data_processing/processor.py:424: UserWarning: Sentence of length 2863 has been truncated to 384
  self.preprocess_example(b["tokenized_text"], b[key], class_to_ids[i]) for i, b in enumerate(batch_list)
/home/notjitin/Work/Neutrinos/community-insights-dashboard/ml/laya/.venv/lib/python3.11/site-packages/gliner/data_processing/processor.py:424: UserWarning: Sentence of length 651 has been truncated to 384
  self.preprocess_example(b["tokenized_text"], b[key], class_to_ids[i]) for i, b in enumerate(batch_list)
/home/notjitin/Work/Neutrinos/community-insights-dashboard/ml/laya/.venv/lib/python3.11/site-packages/gliner/data_processing/processor.py:424: UserWarning: Sentence of length 892 has been truncated to 384
  self.preprocess_example(b["tokenized_text"], b[key], class_to_ids[i]) for i, b in enumerate(batch_list)
/home/notjitin/Work/Neutrinos/community-insights-dashboard/ml/laya/.venv/lib/python3.11/site-packages/gliner/data_processing/processor.py:424: UserWarning: Sentence of length 495 has been truncated to 384
  self.preprocess_example(b["tokenized_text"], b[key], class_to_ids[i]) for i, b in enumerate(batch_list)
/home/notjitin/Work/Neutrinos/community-insights-dashboard/ml/laya/.venv/lib/python3.11/site-packages/gliner/data_processing/processor.py:424: UserWarning: Sentence of length 415 has been truncated to 384
  self.preprocess_example(b["tokenized_text"], b[key], class_to_ids[i]) for i, b in enumerate(batch_list)
/home/notjitin/Work/Neutrinos/community-insights-dashboard/ml/laya/.venv/lib/python3.11/site-packages/gliner/data_processing/processor.py:424: UserWarning: Sentence of length 407 has been truncated to 384
  self.preprocess_example(b["tokenized_text"], b[key], class_to_ids[i]) for i, b in enumerate(batch_list)
  epoch 1 step 240/1369 loss 0.0039
/home/notjitin/Work/Neutrinos/community-insights-dashboard/ml/laya/.venv/lib/python3.11/site-packages/gliner/data_processing/processor.py:424: UserWarning: Sentence of length 1337 has been truncated to 384
  self.preprocess_example(b["tokenized_text"], b[key], class_to_ids[i]) for i, b in enumerate(batch_list)
/home/notjitin/Work/Neutrinos/community-insights-dashboard/ml/laya/.venv/lib/python3.11/site-packages/gliner/data_processing/processor.py:424: UserWarning: Sentence of length 1268 has been truncated to 384
  self.preprocess_example(b["tokenized_text"], b[key], class_to_ids[i]) for i, b in enumerate(batch_list)
/home/notjitin/Work/Neutrinos/community-insights-dashboard/ml/laya/.venv/lib/python3.11/site-packages/gliner/data_processing/processor.py:424: UserWarning: Sentence of length 659 has been truncated to 384
  self.preprocess_example(b["tokenized_text"], b[key], class_to_ids[i]) for i, b in enumerate(batch_list)
/home/notjitin/Work/Neutrinos/community-insights-dashboard/ml/laya/.venv/lib/python3.11/site-packages/gliner/data_processing/processor.py:424: UserWarning: Sentence of length 3112 has been truncated to 384
  self.preprocess_example(b["tokenized_text"], b[key], class_to_ids[i]) for i, b in enumerate(batch_list)
  epoch 1 step 280/1369 loss 8.2341
/home/notjitin/Work/Neutrinos/community-insights-dashboard/ml/laya/.venv/lib/python3.11/site-packages/gliner/data_processing/processor.py:424: UserWarning: Sentence of length 2173 has been truncated to 384
  self.preprocess_example(b["tokenized_text"], b[key], class_to_ids[i]) for i, b in enumerate(batch_list)
/home/notjitin/Work/Neutrinos/community-insights-dashboard/ml/laya/.venv/lib/python3.11/site-packages/gliner/data_processing/processor.py:424: UserWarning: Sentence of length 1281 has been truncated to 384
  self.preprocess_example(b["tokenized_text"], b[key], class_to_ids[i]) for i, b in enumerate(batch_list)
/home/notjitin/Work/Neutrinos/community-insights-dashboard/ml/laya/.venv/lib/python3.11/site-packages/gliner/data_processing/processor.py:424: UserWarning: Sentence of length 1547 has been truncated to 384
  self.preprocess_example(b["tokenized_text"], b[key], class_to_ids[i]) for i, b in enumerate(batch_list)
/home/notjitin/Work/Neutrinos/community-insights-dashboard/ml/laya/.venv/lib/python3.11/site-packages/gliner/data_processing/processor.py:424: UserWarning: Sentence of length 1687 has been truncated to 384
  self.preprocess_example(b["tokenized_text"], b[key], class_to_ids[i]) for i, b in enumerate(batch_list)
/home/notjitin/Work/Neutrinos/community-insights-dashboard/ml/laya/.venv/lib/python3.11/site-packages/gliner/data_processing/processor.py:424: UserWarning: Sentence of length 754 has been truncated to 384
  self.preprocess_example(b["tokenized_text"], b[key], class_to_ids[i]) for i, b in enumerate(batch_list)
/home/notjitin/Work/Neutrinos/community-insights-dashboard/ml/laya/.venv/lib/python3.11/site-packages/gliner/data_processing/processor.py:424: UserWarning: Sentence of length 686 has been truncated to 384
  self.preprocess_example(b["tokenized_text"], b[key], class_to_ids[i]) for i, b in enumerate(batch_list)
  epoch 1 step 320/1369 loss 0.0631
/home/notjitin/Work/Neutrinos/community-insights-dashboard/ml/laya/.venv/lib/python3.11/site-packages/gliner/data_processing/processor.py:424: UserWarning: Sentence of length 444 has been truncated to 384
  self.preprocess_example(b["tokenized_text"], b[key], class_to_ids[i]) for i, b in enumerate(batch_list)
/home/notjitin/Work/Neutrinos/community-insights-dashboard/ml/laya/.venv/lib/python3.11/site-packages/gliner/data_processing/processor.py:424: UserWarning: Sentence of length 435 has been truncated to 384
  self.preprocess_example(b["tokenized_text"], b[key], class_to_ids[i]) for i, b in enumerate(batch_list)
/home/notjitin/Work/Neutrinos/community-insights-dashboard/ml/laya/.venv/lib/python3.11/site-packages/gliner/data_processing/processor.py:424: UserWarning: Sentence of length 598 has been truncated to 384
  self.preprocess_example(b["tokenized_text"], b[key], class_to_ids[i]) for i, b in enumerate(batch_list)
  epoch 1 step 360/1369 loss 0.6044
/home/notjitin/Work/Neutrinos/community-insights-dashboard/ml/laya/.venv/lib/python3.11/site-packages/gliner/data_processing/processor.py:424: UserWarning: Sentence of length 1004 has been truncated to 384
  self.preprocess_example(b["tokenized_text"], b[key], class_to_ids[i]) for i, b in enumerate(batch_list)
/home/notjitin/Work/Neutrinos/community-insights-dashboard/ml/laya/.venv/lib/python3.11/site-packages/gliner/data_processing/processor.py:424: UserWarning: Sentence of length 2407 has been truncated to 384
  self.preprocess_example(b["tokenized_text"], b[key], class_to_ids[i]) for i, b in enumerate(batch_list)
/home/notjitin/Work/Neutrinos/community-insights-dashboard/ml/laya/.venv/lib/python3.11/site-packages/gliner/data_processing/processor.py:424: UserWarning: Sentence of length 409 has been truncated to 384
  self.preprocess_example(b["tokenized_text"], b[key], class_to_ids[i]) for i, b in enumerate(batch_list)
/home/notjitin/Work/Neutrinos/community-insights-dashboard/ml/laya/.venv/lib/python3.11/site-packages/gliner/data_processing/processor.py:424: UserWarning: Sentence of length 1194 has been truncated to 384
  self.preprocess_example(b["tokenized_text"], b[key], class_to_ids[i]) for i, b in enumerate(batch_list)
/home/notjitin/Work/Neutrinos/community-insights-dashboard/ml/laya/.venv/lib/python3.11/site-packages/gliner/data_processing/processor.py:424: UserWarning: Sentence of length 711 has been truncated to 384
  self.preprocess_example(b["tokenized_text"], b[key], class_to_ids[i]) for i, b in enumerate(batch_list)
/home/notjitin/Work/Neutrinos/community-insights-dashboard/ml/laya/.venv/lib/python3.11/site-packages/gliner/data_processing/processor.py:424: UserWarning: Sentence of length 453 has been truncated to 384
  self.preprocess_example(b["tokenized_text"], b[key], class_to_ids[i]) for i, b in enumerate(batch_list)
/home/notjitin/Work/Neutrinos/community-insights-dashboard/ml/laya/.venv/lib/python3.11/site-packages/gliner/data_processing/processor.py:424: UserWarning: Sentence of length 1171 has been truncated to 384
  self.preprocess_example(b["tokenized_text"], b[key], class_to_ids[i]) for i, b in enumerate(batch_list)
  epoch 1 step 400/1369 loss 5.7386
/home/notjitin/Work/Neutrinos/community-insights-dashboard/ml/laya/.venv/lib/python3.11/site-packages/gliner/data_processing/processor.py:424: UserWarning: Sentence of length 487 has been truncated to 384
  self.preprocess_example(b["tokenized_text"], b[key], class_to_ids[i]) for i, b in enumerate(batch_list)
/home/notjitin/Work/Neutrinos/community-insights-dashboard/ml/laya/.venv/lib/python3.11/site-packages/gliner/data_processing/processor.py:424: UserWarning: Sentence of length 557 has been truncated to 384
  self.preprocess_example(b["tokenized_text"], b[key], class_to_ids[i]) for i, b in enumerate(batch_list)
  epoch 1 step 440/1369 loss 0.0757
/home/notjitin/Work/Neutrinos/community-insights-dashboard/ml/laya/.venv/lib/python3.11/site-packages/gliner/data_processing/processor.py:424: UserWarning: Sentence of length 1127 has been truncated to 384
  self.preprocess_example(b["tokenized_text"], b[key], class_to_ids[i]) for i, b in enumerate(batch_list)
/home/notjitin/Work/Neutrinos/community-insights-dashboard/ml/laya/.venv/lib/python3.11/site-packages/gliner/data_processing/processor.py:424: UserWarning: Sentence of length 461 has been truncated to 384
  self.preprocess_example(b["tokenized_text"], b[key], class_to_ids[i]) for i, b in enumerate(batch_list)
  epoch 1 step 480/1369 loss 0.0078
/home/notjitin/Work/Neutrinos/community-insights-dashboard/ml/laya/.venv/lib/python3.11/site-packages/gliner/data_processing/processor.py:424: UserWarning: Sentence of length 416 has been truncated to 384
  self.preprocess_example(b["tokenized_text"], b[key], class_to_ids[i]) for i, b in enumerate(batch_list)
/home/notjitin/Work/Neutrinos/community-insights-dashboard/ml/laya/.venv/lib/python3.11/site-packages/gliner/data_processing/processor.py:424: UserWarning: Sentence of length 546 has been truncated to 384
  self.preprocess_example(b["tokenized_text"], b[key], class_to_ids[i]) for i, b in enumerate(batch_list)
  epoch 1 step 520/1369 loss 3.0774
/home/notjitin/Work/Neutrinos/community-insights-dashboard/ml/laya/.venv/lib/python3.11/site-packages/gliner/data_processing/processor.py:424: UserWarning: Sentence of length 805 has been truncated to 384
  self.preprocess_example(b["tokenized_text"], b[key], class_to_ids[i]) for i, b in enumerate(batch_list)
/home/notjitin/Work/Neutrinos/community-insights-dashboard/ml/laya/.venv/lib/python3.11/site-packages/gliner/data_processing/processor.py:424: UserWarning: Sentence of length 743 has been truncated to 384
  self.preprocess_example(b["tokenized_text"], b[key], class_to_ids[i]) for i, b in enumerate(batch_list)
/home/notjitin/Work/Neutrinos/community-insights-dashboard/ml/laya/.venv/lib/python3.11/site-packages/gliner/data_processing/processor.py:424: UserWarning: Sentence of length 469 has been truncated to 384
  self.preprocess_example(b["tokenized_text"], b[key], class_to_ids[i]) for i, b in enumerate(batch_list)
/home/notjitin/Work/Neutrinos/community-insights-dashboard/ml/laya/.venv/lib/python3.11/site-packages/gliner/data_processing/processor.py:424: UserWarning: Sentence of length 826 has been truncated to 384
  self.preprocess_example(b["tokenized_text"], b[key], class_to_ids[i]) for i, b in enumerate(batch_list)
  epoch 1 step 560/1369 loss 0.0000
/home/notjitin/Work/Neutrinos/community-insights-dashboard/ml/laya/.venv/lib/python3.11/site-packages/gliner/data_processing/processor.py:424: UserWarning: Sentence of length 403 has been truncated to 384
  self.preprocess_example(b["tokenized_text"], b[key], class_to_ids[i]) for i, b in enumerate(batch_list)
/home/notjitin/Work/Neutrinos/community-insights-dashboard/ml/laya/.venv/lib/python3.11/site-packages/gliner/data_processing/processor.py:424: UserWarning: Sentence of length 4724 has been truncated to 384
  self.preprocess_example(b["tokenized_text"], b[key], class_to_ids[i]) for i, b in enumerate(batch_list)
/home/notjitin/Work/Neutrinos/community-insights-dashboard/ml/laya/.venv/lib/python3.11/site-packages/gliner/data_processing/processor.py:424: UserWarning: Sentence of length 399 has been truncated to 384
  self.preprocess_example(b["tokenized_text"], b[key], class_to_ids[i]) for i, b in enumerate(batch_list)
  epoch 1 step 600/1369 loss 2.8108
/home/notjitin/Work/Neutrinos/community-insights-dashboard/ml/laya/.venv/lib/python3.11/site-packages/gliner/data_processing/processor.py:424: UserWarning: Sentence of length 3201 has been truncated to 384
  self.preprocess_example(b["tokenized_text"], b[key], class_to_ids[i]) for i, b in enumerate(batch_list)
/home/notjitin/Work/Neutrinos/community-insights-dashboard/ml/laya/.venv/lib/python3.11/site-packages/gliner/data_processing/processor.py:424: UserWarning: Sentence of length 642 has been truncated to 384
  self.preprocess_example(b["tokenized_text"], b[key], class_to_ids[i]) for i, b in enumerate(batch_list)
/home/notjitin/Work/Neutrinos/community-insights-dashboard/ml/laya/.venv/lib/python3.11/site-packages/gliner/data_processing/processor.py:424: UserWarning: Sentence of length 467 has been truncated to 384
  self.preprocess_example(b["tokenized_text"], b[key], class_to_ids[i]) for i, b in enumerate(batch_list)
/home/notjitin/Work/Neutrinos/community-insights-dashboard/ml/laya/.venv/lib/python3.11/site-packages/gliner/data_processing/processor.py:424: UserWarning: Sentence of length 788 has been truncated to 384
  self.preprocess_example(b["tokenized_text"], b[key], class_to_ids[i]) for i, b in enumerate(batch_list)
  epoch 1 step 640/1369 loss 0.0236
/home/notjitin/Work/Neutrinos/community-insights-dashboard/ml/laya/.venv/lib/python3.11/site-packages/gliner/data_processing/processor.py:424: UserWarning: Sentence of length 637 has been truncated to 384
  self.preprocess_example(b["tokenized_text"], b[key], class_to_ids[i]) for i, b in enumerate(batch_list)
/home/notjitin/Work/Neutrinos/community-insights-dashboard/ml/laya/.venv/lib/python3.11/site-packages/gliner/data_processing/processor.py:424: UserWarning: Sentence of length 509 has been truncated to 384
  self.preprocess_example(b["tokenized_text"], b[key], class_to_ids[i]) for i, b in enumerate(batch_list)
/home/notjitin/Work/Neutrinos/community-insights-dashboard/ml/laya/.venv/lib/python3.11/site-packages/gliner/data_processing/processor.py:424: UserWarning: Sentence of length 696 has been truncated to 384
  self.preprocess_example(b["tokenized_text"], b[key], class_to_ids[i]) for i, b in enumerate(batch_list)
/home/notjitin/Work/Neutrinos/community-insights-dashboard/ml/laya/.venv/lib/python3.11/site-packages/gliner/data_processing/processor.py:424: UserWarning: Sentence of length 1309 has been truncated to 384
  self.preprocess_example(b["tokenized_text"], b[key], class_to_ids[i]) for i, b in enumerate(batch_list)
/home/notjitin/Work/Neutrinos/community-insights-dashboard/ml/laya/.venv/lib/python3.11/site-packages/gliner/data_processing/processor.py:424: UserWarning: Sentence of length 522 has been truncated to 384
  self.preprocess_example(b["tokenized_text"], b[key], class_to_ids[i]) for i, b in enumerate(batch_list)
  epoch 1 step 680/1369 loss 3.2652
/home/notjitin/Work/Neutrinos/community-insights-dashboard/ml/laya/.venv/lib/python3.11/site-packages/gliner/data_processing/processor.py:424: UserWarning: Sentence of length 2735 has been truncated to 384
  self.preprocess_example(b["tokenized_text"], b[key], class_to_ids[i]) for i, b in enumerate(batch_list)
/home/notjitin/Work/Neutrinos/community-insights-dashboard/ml/laya/.venv/lib/python3.11/site-packages/gliner/data_processing/processor.py:424: UserWarning: Sentence of length 496 has been truncated to 384
  self.preprocess_example(b["tokenized_text"], b[key], class_to_ids[i]) for i, b in enumerate(batch_list)
/home/notjitin/Work/Neutrinos/community-insights-dashboard/ml/laya/.venv/lib/python3.11/site-packages/gliner/data_processing/processor.py:424: UserWarning: Sentence of length 617 has been truncated to 384
  self.preprocess_example(b["tokenized_text"], b[key], class_to_ids[i]) for i, b in enumerate(batch_list)
  epoch 1 step 720/1369 loss 7.2571
/home/notjitin/Work/Neutrinos/community-insights-dashboard/ml/laya/.venv/lib/python3.11/site-packages/gliner/data_processing/processor.py:424: UserWarning: Sentence of length 389 has been truncated to 384
  self.preprocess_example(b["tokenized_text"], b[key], class_to_ids[i]) for i, b in enumerate(batch_list)
/home/notjitin/Work/Neutrinos/community-insights-dashboard/ml/laya/.venv/lib/python3.11/site-packages/gliner/data_processing/processor.py:424: UserWarning: Sentence of length 391 has been truncated to 384
  self.preprocess_example(b["tokenized_text"], b[key], class_to_ids[i]) for i, b in enumerate(batch_list)
  epoch 1 step 760/1369 loss 0.0314
/home/notjitin/Work/Neutrinos/community-insights-dashboard/ml/laya/.venv/lib/python3.11/site-packages/gliner/data_processing/processor.py:424: UserWarning: Sentence of length 1245 has been truncated to 384
  self.preprocess_example(b["tokenized_text"], b[key], class_to_ids[i]) for i, b in enumerate(batch_list)
/home/notjitin/Work/Neutrinos/community-insights-dashboard/ml/laya/.venv/lib/python3.11/site-packages/gliner/data_processing/processor.py:424: UserWarning: Sentence of length 750 has been truncated to 384
  self.preprocess_example(b["tokenized_text"], b[key], class_to_ids[i]) for i, b in enumerate(batch_list)
  epoch 1 step 800/1369 loss 0.0118
/home/notjitin/Work/Neutrinos/community-insights-dashboard/ml/laya/.venv/lib/python3.11/site-packages/gliner/data_processing/processor.py:424: UserWarning: Sentence of length 501 has been truncated to 384
  self.preprocess_example(b["tokenized_text"], b[key], class_to_ids[i]) for i, b in enumerate(batch_list)
/home/notjitin/Work/Neutrinos/community-insights-dashboard/ml/laya/.venv/lib/python3.11/site-packages/gliner/data_processing/processor.py:424: UserWarning: Sentence of length 472 has been truncated to 384
  self.preprocess_example(b["tokenized_text"], b[key], class_to_ids[i]) for i, b in enumerate(batch_list)
  epoch 1 step 840/1369 loss 0.0719
/home/notjitin/Work/Neutrinos/community-insights-dashboard/ml/laya/.venv/lib/python3.11/site-packages/gliner/data_processing/processor.py:424: UserWarning: Sentence of length 445 has been truncated to 384
  self.preprocess_example(b["tokenized_text"], b[key], class_to_ids[i]) for i, b in enumerate(batch_list)
  epoch 1 step 880/1369 loss 0.6186
/home/notjitin/Work/Neutrinos/community-insights-dashboard/ml/laya/.venv/lib/python3.11/site-packages/gliner/data_processing/processor.py:424: UserWarning: Sentence of length 397 has been truncated to 384
  self.preprocess_example(b["tokenized_text"], b[key], class_to_ids[i]) for i, b in enumerate(batch_list)
/home/notjitin/Work/Neutrinos/community-insights-dashboard/ml/laya/.venv/lib/python3.11/site-packages/gliner/data_processing/processor.py:424: UserWarning: Sentence of length 433 has been truncated to 384
  self.preprocess_example(b["tokenized_text"], b[key], class_to_ids[i]) for i, b in enumerate(batch_list)
/home/notjitin/Work/Neutrinos/community-insights-dashboard/ml/laya/.venv/lib/python3.11/site-packages/gliner/data_processing/processor.py:424: UserWarning: Sentence of length 606 has been truncated to 384
  self.preprocess_example(b["tokenized_text"], b[key], class_to_ids[i]) for i, b in enumerate(batch_list)
/home/notjitin/Work/Neutrinos/community-insights-dashboard/ml/laya/.venv/lib/python3.11/site-packages/gliner/data_processing/processor.py:424: UserWarning: Sentence of length 2501 has been truncated to 384
  self.preprocess_example(b["tokenized_text"], b[key], class_to_ids[i]) for i, b in enumerate(batch_list)
  epoch 1 step 920/1369 loss 0.3919
/home/notjitin/Work/Neutrinos/community-insights-dashboard/ml/laya/.venv/lib/python3.11/site-packages/gliner/data_processing/processor.py:424: UserWarning: Sentence of length 748 has been truncated to 384
  self.preprocess_example(b["tokenized_text"], b[key], class_to_ids[i]) for i, b in enumerate(batch_list)
/home/notjitin/Work/Neutrinos/community-insights-dashboard/ml/laya/.venv/lib/python3.11/site-packages/gliner/data_processing/processor.py:424: UserWarning: Sentence of length 1063 has been truncated to 384
  self.preprocess_example(b["tokenized_text"], b[key], class_to_ids[i]) for i, b in enumerate(batch_list)
/home/notjitin/Work/Neutrinos/community-insights-dashboard/ml/laya/.venv/lib/python3.11/site-packages/gliner/data_processing/processor.py:424: UserWarning: Sentence of length 891 has been truncated to 384
  self.preprocess_example(b["tokenized_text"], b[key], class_to_ids[i]) for i, b in enumerate(batch_list)
/home/notjitin/Work/Neutrinos/community-insights-dashboard/ml/laya/.venv/lib/python3.11/site-packages/gliner/data_processing/processor.py:424: UserWarning: Sentence of length 1764 has been truncated to 384
  self.preprocess_example(b["tokenized_text"], b[key], class_to_ids[i]) for i, b in enumerate(batch_list)
  epoch 1 step 960/1369 loss 0.0118
/home/notjitin/Work/Neutrinos/community-insights-dashboard/ml/laya/.venv/lib/python3.11/site-packages/gliner/data_processing/processor.py:424: UserWarning: Sentence of length 603 has been truncated to 384
  self.preprocess_example(b["tokenized_text"], b[key], class_to_ids[i]) for i, b in enumerate(batch_list)
  epoch 1 step 1000/1369 loss 1.0411
/home/notjitin/Work/Neutrinos/community-insights-dashboard/ml/laya/.venv/lib/python3.11/site-packages/gliner/data_processing/processor.py:424: UserWarning: Sentence of length 448 has been truncated to 384
  self.preprocess_example(b["tokenized_text"], b[key], class_to_ids[i]) for i, b in enumerate(batch_list)
/home/notjitin/Work/Neutrinos/community-insights-dashboard/ml/laya/.venv/lib/python3.11/site-packages/gliner/data_processing/processor.py:424: UserWarning: Sentence of length 1255 has been truncated to 384
  self.preprocess_example(b["tokenized_text"], b[key], class_to_ids[i]) for i, b in enumerate(batch_list)
/home/notjitin/Work/Neutrinos/community-insights-dashboard/ml/laya/.venv/lib/python3.11/site-packages/gliner/data_processing/processor.py:424: UserWarning: Sentence of length 555 has been truncated to 384
  self.preprocess_example(b["tokenized_text"], b[key], class_to_ids[i]) for i, b in enumerate(batch_list)
  epoch 1 step 1040/1369 loss 8.0910
/home/notjitin/Work/Neutrinos/community-insights-dashboard/ml/laya/.venv/lib/python3.11/site-packages/gliner/data_processing/processor.py:424: UserWarning: Sentence of length 395 has been truncated to 384
  self.preprocess_example(b["tokenized_text"], b[key], class_to_ids[i]) for i, b in enumerate(batch_list)
/home/notjitin/Work/Neutrinos/community-insights-dashboard/ml/laya/.venv/lib/python3.11/site-packages/gliner/data_processing/processor.py:424: UserWarning: Sentence of length 419 has been truncated to 384
  self.preprocess_example(b["tokenized_text"], b[key], class_to_ids[i]) for i, b in enumerate(batch_list)
/home/notjitin/Work/Neutrinos/community-insights-dashboard/ml/laya/.venv/lib/python3.11/site-packages/gliner/data_processing/processor.py:424: UserWarning: Sentence of length 545 has been truncated to 384
  self.preprocess_example(b["tokenized_text"], b[key], class_to_ids[i]) for i, b in enumerate(batch_list)
/home/notjitin/Work/Neutrinos/community-insights-dashboard/ml/laya/.venv/lib/python3.11/site-packages/gliner/data_processing/processor.py:424: UserWarning: Sentence of length 541 has been truncated to 384
  self.preprocess_example(b["tokenized_text"], b[key], class_to_ids[i]) for i, b in enumerate(batch_list)
/home/notjitin/Work/Neutrinos/community-insights-dashboard/ml/laya/.venv/lib/python3.11/site-packages/gliner/data_processing/processor.py:424: UserWarning: Sentence of length 698 has been truncated to 384
  self.preprocess_example(b["tokenized_text"], b[key], class_to_ids[i]) for i, b in enumerate(batch_list)
  epoch 1 step 1080/1369 loss 5.4756
/home/notjitin/Work/Neutrinos/community-insights-dashboard/ml/laya/.venv/lib/python3.11/site-packages/gliner/data_processing/processor.py:424: UserWarning: Sentence of length 547 has been truncated to 384
  self.preprocess_example(b["tokenized_text"], b[key], class_to_ids[i]) for i, b in enumerate(batch_list)
/home/notjitin/Work/Neutrinos/community-insights-dashboard/ml/laya/.venv/lib/python3.11/site-packages/gliner/data_processing/processor.py:424: UserWarning: Sentence of length 1649 has been truncated to 384
  self.preprocess_example(b["tokenized_text"], b[key], class_to_ids[i]) for i, b in enumerate(batch_list)
  epoch 1 step 1120/1369 loss 0.0392
/home/notjitin/Work/Neutrinos/community-insights-dashboard/ml/laya/.venv/lib/python3.11/site-packages/gliner/data_processing/processor.py:424: UserWarning: Sentence of length 602 has been truncated to 384
  self.preprocess_example(b["tokenized_text"], b[key], class_to_ids[i]) for i, b in enumerate(batch_list)
/home/notjitin/Work/Neutrinos/community-insights-dashboard/ml/laya/.venv/lib/python3.11/site-packages/gliner/data_processing/processor.py:424: UserWarning: Sentence of length 633 has been truncated to 384
  self.preprocess_example(b["tokenized_text"], b[key], class_to_ids[i]) for i, b in enumerate(batch_list)
/home/notjitin/Work/Neutrinos/community-insights-dashboard/ml/laya/.venv/lib/python3.11/site-packages/gliner/data_processing/processor.py:424: UserWarning: Sentence of length 1491 has been truncated to 384
  self.preprocess_example(b["tokenized_text"], b[key], class_to_ids[i]) for i, b in enumerate(batch_list)
/home/notjitin/Work/Neutrinos/community-insights-dashboard/ml/laya/.venv/lib/python3.11/site-packages/gliner/data_processing/processor.py:424: UserWarning: Sentence of length 454 has been truncated to 384
  self.preprocess_example(b["tokenized_text"], b[key], class_to_ids[i]) for i, b in enumerate(batch_list)
/home/notjitin/Work/Neutrinos/community-insights-dashboard/ml/laya/.venv/lib/python3.11/site-packages/gliner/data_processing/processor.py:424: UserWarning: Sentence of length 548 has been truncated to 384
  self.preprocess_example(b["tokenized_text"], b[key], class_to_ids[i]) for i, b in enumerate(batch_list)
  epoch 1 step 1160/1369 loss 2.5184
/home/notjitin/Work/Neutrinos/community-insights-dashboard/ml/laya/.venv/lib/python3.11/site-packages/gliner/data_processing/processor.py:424: UserWarning: Sentence of length 2343 has been truncated to 384
  self.preprocess_example(b["tokenized_text"], b[key], class_to_ids[i]) for i, b in enumerate(batch_list)
/home/notjitin/Work/Neutrinos/community-insights-dashboard/ml/laya/.venv/lib/python3.11/site-packages/gliner/data_processing/processor.py:424: UserWarning: Sentence of length 3262 has been truncated to 384
  self.preprocess_example(b["tokenized_text"], b[key], class_to_ids[i]) for i, b in enumerate(batch_list)
/home/notjitin/Work/Neutrinos/community-insights-dashboard/ml/laya/.venv/lib/python3.11/site-packages/gliner/data_processing/processor.py:424: UserWarning: Sentence of length 858 has been truncated to 384
  self.preprocess_example(b["tokenized_text"], b[key], class_to_ids[i]) for i, b in enumerate(batch_list)
/home/notjitin/Work/Neutrinos/community-insights-dashboard/ml/laya/.venv/lib/python3.11/site-packages/gliner/data_processing/processor.py:424: UserWarning: Sentence of length 1432 has been truncated to 384
  self.preprocess_example(b["tokenized_text"], b[key], class_to_ids[i]) for i, b in enumerate(batch_list)
  epoch 1 step 1200/1369 loss 0.3938
/home/notjitin/Work/Neutrinos/community-insights-dashboard/ml/laya/.venv/lib/python3.11/site-packages/gliner/data_processing/processor.py:424: UserWarning: Sentence of length 594 has been truncated to 384
  self.preprocess_example(b["tokenized_text"], b[key], class_to_ids[i]) for i, b in enumerate(batch_list)
/home/notjitin/Work/Neutrinos/community-insights-dashboard/ml/laya/.venv/lib/python3.11/site-packages/gliner/data_processing/processor.py:424: UserWarning: Sentence of length 527 has been truncated to 384
  self.preprocess_example(b["tokenized_text"], b[key], class_to_ids[i]) for i, b in enumerate(batch_list)
/home/notjitin/Work/Neutrinos/community-insights-dashboard/ml/laya/.venv/lib/python3.11/site-packages/gliner/data_processing/processor.py:424: UserWarning: Sentence of length 388 has been truncated to 384
  self.preprocess_example(b["tokenized_text"], b[key], class_to_ids[i]) for i, b in enumerate(batch_list)
/home/notjitin/Work/Neutrinos/community-insights-dashboard/ml/laya/.venv/lib/python3.11/site-packages/gliner/data_processing/processor.py:424: UserWarning: Sentence of length 631 has been truncated to 384
  self.preprocess_example(b["tokenized_text"], b[key], class_to_ids[i]) for i, b in enumerate(batch_list)
  epoch 1 step 1240/1369 loss 0.0000
/home/notjitin/Work/Neutrinos/community-insights-dashboard/ml/laya/.venv/lib/python3.11/site-packages/gliner/data_processing/processor.py:424: UserWarning: Sentence of length 849 has been truncated to 384
  self.preprocess_example(b["tokenized_text"], b[key], class_to_ids[i]) for i, b in enumerate(batch_list)
/home/notjitin/Work/Neutrinos/community-insights-dashboard/ml/laya/.venv/lib/python3.11/site-packages/gliner/data_processing/processor.py:424: UserWarning: Sentence of length 427 has been truncated to 384
  self.preprocess_example(b["tokenized_text"], b[key], class_to_ids[i]) for i, b in enumerate(batch_list)
  epoch 1 step 1280/1369 loss 0.6041
/home/notjitin/Work/Neutrinos/community-insights-dashboard/ml/laya/.venv/lib/python3.11/site-packages/gliner/data_processing/processor.py:424: UserWarning: Sentence of length 387 has been truncated to 384
  self.preprocess_example(b["tokenized_text"], b[key], class_to_ids[i]) for i, b in enumerate(batch_list)
/home/notjitin/Work/Neutrinos/community-insights-dashboard/ml/laya/.venv/lib/python3.11/site-packages/gliner/data_processing/processor.py:424: UserWarning: Sentence of length 1314 has been truncated to 384
  self.preprocess_example(b["tokenized_text"], b[key], class_to_ids[i]) for i, b in enumerate(batch_list)
  epoch 1 step 1320/1369 loss 0.0000
/home/notjitin/Work/Neutrinos/community-insights-dashboard/ml/laya/.venv/lib/python3.11/site-packages/gliner/data_processing/processor.py:424: UserWarning: Sentence of length 1405 has been truncated to 384
  self.preprocess_example(b["tokenized_text"], b[key], class_to_ids[i]) for i, b in enumerate(batch_list)
/home/notjitin/Work/Neutrinos/community-insights-dashboard/ml/laya/.venv/lib/python3.11/site-packages/gliner/data_processing/processor.py:424: UserWarning: Sentence of length 405 has been truncated to 384
  self.preprocess_example(b["tokenized_text"], b[key], class_to_ids[i]) for i, b in enumerate(batch_list)
  epoch 1 step 1360/1369 loss 0.0000
/home/notjitin/Work/Neutrinos/community-insights-dashboard/ml/laya/.venv/lib/python3.11/site-packages/gliner/data_processing/processor.py:424: UserWarning: Sentence of length 2715 has been truncated to 384
  self.preprocess_example(b["tokenized_text"], b[key], class_to_ids[i]) for i, b in enumerate(batch_list)
/home/notjitin/Work/Neutrinos/community-insights-dashboard/ml/laya/.venv/lib/python3.11/site-packages/gliner/data_processing/processor.py:424: UserWarning: Sentence of length 439 has been truncated to 384
  self.preprocess_example(b["tokenized_text"], b[key], class_to_ids[i]) for i, b in enumerate(batch_list)
/home/notjitin/Work/Neutrinos/community-insights-dashboard/ml/laya/.venv/lib/python3.11/site-packages/gliner/data_processing/processor.py:424: UserWarning: Sentence of length 498 has been truncated to 384
  self.preprocess_example(b["tokenized_text"], b[key], class_to_ids[i]) for i, b in enumerate(batch_list)
epoch 1: avg loss 2.3503
/home/notjitin/Work/Neutrinos/community-insights-dashboard/ml/laya/.venv/lib/python3.11/site-packages/gliner/data_processing/processor.py:427: UserWarning: Sentence of length 385 has been truncated to 384
  batch = [self.preprocess_example(b["tokenized_text"], b[key], class_to_ids) for b in batch_list]
/home/notjitin/Work/Neutrinos/community-insights-dashboard/ml/laya/.venv/lib/python3.11/site-packages/gliner/data_processing/processor.py:427: UserWarning: Sentence of length 410 has been truncated to 384
  batch = [self.preprocess_example(b["tokenized_text"], b[key], class_to_ids) for b in batch_list]
/home/notjitin/Work/Neutrinos/community-insights-dashboard/ml/laya/.venv/lib/python3.11/site-packages/gliner/data_processing/processor.py:427: UserWarning: Sentence of length 622 has been truncated to 384
  batch = [self.preprocess_example(b["tokenized_text"], b[key], class_to_ids) for b in batch_list]
/home/notjitin/Work/Neutrinos/community-insights-dashboard/ml/laya/.venv/lib/python3.11/site-packages/gliner/data_processing/processor.py:427: UserWarning: Sentence of length 679 has been truncated to 384
  batch = [self.preprocess_example(b["tokenized_text"], b[key], class_to_ids) for b in batch_list]
/home/notjitin/Work/Neutrinos/community-insights-dashboard/ml/laya/.venv/lib/python3.11/site-packages/gliner/data_processing/processor.py:427: UserWarning: Sentence of length 412 has been truncated to 384
  batch = [self.preprocess_example(b["tokenized_text"], b[key], class_to_ids) for b in batch_list]
/home/notjitin/Work/Neutrinos/community-insights-dashboard/ml/laya/.venv/lib/python3.11/site-packages/gliner/data_processing/processor.py:427: UserWarning: Sentence of length 619 has been truncated to 384
  batch = [self.preprocess_example(b["tokenized_text"], b[key], class_to_ids) for b in batch_list]
/home/notjitin/Work/Neutrinos/community-insights-dashboard/ml/laya/.venv/lib/python3.11/site-packages/gliner/data_processing/processor.py:427: UserWarning: Sentence of length 458 has been truncated to 384
  batch = [self.preprocess_example(b["tokenized_text"], b[key], class_to_ids) for b in batch_list]
/home/notjitin/Work/Neutrinos/community-insights-dashboard/ml/laya/.venv/lib/python3.11/site-packages/gliner/data_processing/processor.py:427: UserWarning: Sentence of length 543 has been truncated to 384
  batch = [self.preprocess_example(b["tokenized_text"], b[key], class_to_ids) for b in batch_list]
/home/notjitin/Work/Neutrinos/community-insights-dashboard/ml/laya/.venv/lib/python3.11/site-packages/gliner/data_processing/processor.py:427: UserWarning: Sentence of length 653 has been truncated to 384
  batch = [self.preprocess_example(b["tokenized_text"], b[key], class_to_ids) for b in batch_list]
  ai_hub           P=0% R=0% F1=0%
  alpha            P=64% R=74% F1=68%
  components       P=70% R=89% F1=78%
  email            P=56% R=100% F1=72%
  identity_server  P=22% R=100% F1=36%
  person           P=98% R=98% F1=98%
  reels            P=71% R=95% F1=82%
  ssd              P=64% R=100% F1=78%
  studio           P=80% R=80% F1=80%
  trinity          P=90% R=100% F1=95%
  macro F1 68.7%
  saved -> /home/notjitin/Work/Neutrinos/community-insights-dashboard/ml/gliner/checkpoints/forum-v3
  epoch 2 step 40/1369 loss 0.9441
  epoch 2 step 80/1369 loss 0.0277
  epoch 2 step 120/1369 loss 0.0000
  epoch 2 step 160/1369 loss 0.2388
  epoch 2 step 200/1369 loss 0.0316
  epoch 2 step 240/1369 loss 0.1510
  epoch 2 step 280/1369 loss 0.0039
  epoch 2 step 320/1369 loss 0.2456
  epoch 2 step 360/1369 loss 0.0000
  epoch 2 step 400/1369 loss 23.5178
  epoch 2 step 440/1369 loss 1.7965
  epoch 2 step 480/1369 loss 0.3104
  epoch 2 step 520/1369 loss 0.1515
  epoch 2 step 560/1369 loss 0.0276
  epoch 2 step 600/1369 loss 0.9827
  epoch 2 step 640/1369 loss 0.1607
  epoch 2 step 680/1369 loss 0.3419
  epoch 2 step 720/1369 loss 0.0438
  epoch 2 step 760/1369 loss 0.0792
  epoch 2 step 800/1369 loss 0.2569
  epoch 2 step 840/1369 loss 0.5767
  epoch 2 step 880/1369 loss 0.0000
  epoch 2 step 920/1369 loss 0.0433
  epoch 2 step 960/1369 loss 0.1654
  epoch 2 step 1000/1369 loss 0.7064
  epoch 2 step 1040/1369 loss 0.4912
  epoch 2 step 1080/1369 loss 0.0397
  epoch 2 step 1120/1369 loss 0.0000
  epoch 2 step 1160/1369 loss 0.7025
  epoch 2 step 1200/1369 loss 0.0000
  epoch 2 step 1240/1369 loss 1.8127
  epoch 2 step 1280/1369 loss 0.0000
  epoch 2 step 1320/1369 loss 0.0237
  epoch 2 step 1360/1369 loss 0.0959
epoch 2: avg loss 1.0654
  ai_hub           P=0% R=0% F1=0%
  alpha            P=64% R=74% F1=69%
  components       P=67% R=89% F1=76%
  email            P=45% R=100% F1=62%
  identity_server  P=22% R=100% F1=36%
  person           P=94% R=99% F1=97%
  reels            P=74% R=95% F1=83%
  ssd              P=64% R=100% F1=78%
  studio           P=81% R=93% F1=87%
  trinity          P=90% R=100% F1=95%
  macro F1 68.3%
  epoch 3 step 40/1369 loss 5.8237
  epoch 3 step 80/1369 loss 0.3137
  epoch 3 step 120/1369 loss 0.0078
  epoch 3 step 160/1369 loss 0.0000
  epoch 3 step 200/1369 loss 0.0157
  epoch 3 step 240/1369 loss 0.0315
  epoch 3 step 280/1369 loss 0.0157
  epoch 3 step 320/1369 loss 0.9110
  epoch 3 step 360/1369 loss 0.0078
  epoch 3 step 400/1369 loss 0.0276
  epoch 3 step 440/1369 loss 0.0515
  epoch 3 step 480/1369 loss 0.0118
  epoch 3 step 520/1369 loss 1.8412
  epoch 3 step 560/1369 loss 7.8238
  epoch 3 step 600/1369 loss 0.1122
  epoch 3 step 640/1369 loss 0.8182
  epoch 3 step 680/1369 loss 1.0734
  epoch 3 step 720/1369 loss 0.0729
  epoch 3 step 760/1369 loss 0.4370
  epoch 3 step 800/1369 loss 1.8559
  epoch 3 step 840/1369 loss 0.0118
  epoch 3 step 880/1369 loss 0.0118
  epoch 3 step 920/1369 loss 0.0000
  epoch 3 step 960/1369 loss 0.1290
  epoch 3 step 1000/1369 loss 0.0000
  epoch 3 step 1040/1369 loss 0.3036
  epoch 3 step 1080/1369 loss 0.0439
  epoch 3 step 1120/1369 loss 0.7207
  epoch 3 step 1160/1369 loss 0.0634
  epoch 3 step 1200/1369 loss 0.0315
  epoch 3 step 1240/1369 loss 0.3357
  epoch 3 step 1280/1369 loss 0.0039
  epoch 3 step 1320/1369 loss 12.3610
  epoch 3 step 1360/1369 loss 0.0197
epoch 3: avg loss 0.8868
  ai_hub           P=0% R=0% F1=0%
  alpha            P=65% R=74% F1=69%
  components       P=89% R=89% F1=89%
  email            P=53% R=100% F1=69%
  identity_server  P=33% R=100% F1=50%
  person           P=99% R=98% F1=99%
  reels            P=74% R=95% F1=83%
  ssd              P=76% R=100% F1=86%
  studio           P=91% R=96% F1=93%
  trinity          P=90% R=100% F1=95%
  macro F1 73.4%
  saved -> /home/notjitin/Work/Neutrinos/community-insights-dashboard/ml/gliner/checkpoints/forum-v3
  epoch 4 step 40/1369 loss 0.1737
  epoch 4 step 80/1369 loss 4.5444
  epoch 4 step 120/1369 loss 0.0000
  epoch 4 step 160/1369 loss 0.1839
  epoch 4 step 200/1369 loss 1.4542
  epoch 4 step 240/1369 loss 0.0078
  epoch 4 step 280/1369 loss 0.0926
  epoch 4 step 320/1369 loss 0.0118
  epoch 4 step 360/1369 loss 0.2435
  epoch 4 step 400/1369 loss 0.0000
  epoch 4 step 440/1369 loss 19.7637
  epoch 4 step 480/1369 loss 0.0078
  epoch 4 step 520/1369 loss 0.0039
  epoch 4 step 560/1369 loss 0.0078
  epoch 4 step 600/1369 loss 0.0277
  epoch 4 step 640/1369 loss 0.2354
  epoch 4 step 680/1369 loss 0.0000
  epoch 4 step 720/1369 loss 0.1800
  epoch 4 step 760/1369 loss 0.6701
  epoch 4 step 800/1369 loss 0.0637
  epoch 4 step 840/1369 loss 0.0277
  epoch 4 step 880/1369 loss 1.5168
  epoch 4 step 920/1369 loss 0.0236
  epoch 4 step 960/1369 loss 0.0039
  epoch 4 step 1000/1369 loss 0.0000
  epoch 4 step 1040/1369 loss 0.0354
  epoch 4 step 1080/1369 loss 0.0000
  epoch 4 step 1120/1369 loss 0.0000
  epoch 4 step 1160/1369 loss 0.0000
  epoch 4 step 1200/1369 loss 0.0000
  epoch 4 step 1240/1369 loss 0.0039
  epoch 4 step 1280/1369 loss 4.4781
  epoch 4 step 1320/1369 loss 0.0510
  epoch 4 step 1360/1369 loss 6.1046
epoch 4: avg loss 0.7315
  ai_hub           P=0% R=0% F1=0%
  alpha            P=66% R=74% F1=70%
  components       P=80% R=89% F1=84%
  email            P=60% R=100% F1=75%
  identity_server  P=33% R=100% F1=50%
  person           P=98% R=96% F1=97%
  reels            P=74% R=95% F1=83%
  ssd              P=80% R=100% F1=89%
  studio           P=90% R=96% F1=92%
  trinity          P=90% R=100% F1=95%
  macro F1 73.6%
  saved -> /home/notjitin/Work/Neutrinos/community-insights-dashboard/ml/gliner/checkpoints/forum-v3
  epoch 5 step 40/1369 loss 0.0118
  epoch 5 step 80/1369 loss 0.0000
  epoch 5 step 120/1369 loss 0.3264
  epoch 5 step 160/1369 loss 0.0000
  epoch 5 step 200/1369 loss 0.0196
  epoch 5 step 240/1369 loss 0.1657
  epoch 5 step 280/1369 loss 0.0276
  epoch 5 step 320/1369 loss 0.1169
  epoch 5 step 360/1369 loss 0.0000
  epoch 5 step 400/1369 loss 0.1527
  epoch 5 step 440/1369 loss 0.3572
  epoch 5 step 480/1369 loss 2.2835
  epoch 5 step 520/1369 loss 0.0000
  epoch 5 step 560/1369 loss 0.0673
  epoch 5 step 600/1369 loss 0.9606
  epoch 5 step 640/1369 loss 0.0039
  epoch 5 step 680/1369 loss 0.0941
  epoch 5 step 720/1369 loss 0.0000
  epoch 5 step 760/1369 loss 0.0275
  epoch 5 step 800/1369 loss 0.0000
  epoch 5 step 840/1369 loss 1.0679
  epoch 5 step 880/1369 loss 0.2660
  epoch 5 step 920/1369 loss 0.0039
  epoch 5 step 960/1369 loss 0.0000
  epoch 5 step 1000/1369 loss 0.0000
  epoch 5 step 1040/1369 loss 4.2430
  epoch 5 step 1080/1369 loss 0.0000
  epoch 5 step 1120/1369 loss 0.0078
  epoch 5 step 1160/1369 loss 0.0000
  epoch 5 step 1200/1369 loss 0.0236
  epoch 5 step 1240/1369 loss 0.6329
  epoch 5 step 1280/1369 loss 0.0196
  epoch 5 step 1320/1369 loss 0.2301
  epoch 5 step 1360/1369 loss 0.7018
epoch 5: avg loss 0.6065
  ai_hub           P=0% R=0% F1=0%
  alpha            P=65% R=74% F1=69%
  components       P=80% R=89% F1=84%
  email            P=58% R=100% F1=73%
  identity_server  P=40% R=100% F1=57%
  person           P=99% R=99% F1=99%
  reels            P=74% R=95% F1=83%
  ssd              P=80% R=100% F1=89%
  studio           P=93% R=96% F1=95%
  trinity          P=90% R=100% F1=95%
  macro F1 74.4%
  saved -> /home/notjitin/Work/Neutrinos/community-insights-dashboard/ml/gliner/checkpoints/forum-v3
  epoch 6 step 40/1369 loss 0.0118
  epoch 6 step 80/1369 loss 0.2527
  epoch 6 step 120/1369 loss 0.3679
  epoch 6 step 160/1369 loss 0.0788
  epoch 6 step 200/1369 loss 0.0039
  epoch 6 step 240/1369 loss 0.0039
  epoch 6 step 280/1369 loss 0.0000
  epoch 6 step 320/1369 loss 0.0039
  epoch 6 step 360/1369 loss 0.0000
  epoch 6 step 400/1369 loss 0.0118
  epoch 6 step 440/1369 loss 0.0477
  epoch 6 step 480/1369 loss 0.0000
  epoch 6 step 520/1369 loss 0.3702
  epoch 6 step 560/1369 loss 0.1375
  epoch 6 step 600/1369 loss 1.8798
  epoch 6 step 640/1369 loss 0.0237
  epoch 6 step 680/1369 loss 5.0128
  epoch 6 step 720/1369 loss 0.1246
  epoch 6 step 760/1369 loss 0.0835
  epoch 6 step 800/1369 loss 0.3686
  epoch 6 step 840/1369 loss 0.0236
  epoch 6 step 880/1369 loss 0.0039
  epoch 6 step 920/1369 loss 0.0000
  epoch 6 step 960/1369 loss 0.0868
  epoch 6 step 1000/1369 loss 2.7738
  epoch 6 step 1040/1369 loss 3.8580
  epoch 6 step 1080/1369 loss 9.0503
  epoch 6 step 1120/1369 loss 0.0889
  epoch 6 step 1160/1369 loss 0.0800
  epoch 6 step 1200/1369 loss 0.0755
  epoch 6 step 1240/1369 loss 0.0078
  epoch 6 step 1280/1369 loss 0.0000
  epoch 6 step 1320/1369 loss 0.0118
  epoch 6 step 1360/1369 loss 0.0039
epoch 6: avg loss 0.5148
  ai_hub           P=0% R=0% F1=0%
  alpha            P=64% R=74% F1=69%
  components       P=80% R=89% F1=84%
  email            P=64% R=100% F1=78%
  identity_server  P=33% R=100% F1=50%
  person           P=98% R=99% F1=99%
  reels            P=74% R=95% F1=83%
  ssd              P=80% R=100% F1=89%
  studio           P=88% R=96% F1=91%
  trinity          P=90% R=100% F1=95%
  macro F1 73.8%
  epoch 7 step 40/1369 loss 1.1217
  epoch 7 step 80/1369 loss 14.1296
  epoch 7 step 120/1369 loss 0.0000
  epoch 7 step 160/1369 loss 17.3739
  epoch 7 step 200/1369 loss 0.0157
  epoch 7 step 240/1369 loss 0.0000
  epoch 7 step 280/1369 loss 0.0078
  epoch 7 step 320/1369 loss 0.0000
  epoch 7 step 360/1369 loss 0.0000
  epoch 7 step 400/1369 loss 0.0078
  epoch 7 step 440/1369 loss 0.0039
  epoch 7 step 480/1369 loss 0.1166
  epoch 7 step 520/1369 loss 3.2772
  epoch 7 step 560/1369 loss 0.0000
  epoch 7 step 600/1369 loss 3.2496
  epoch 7 step 640/1369 loss 0.0000
  epoch 7 step 680/1369 loss 0.0000
  epoch 7 step 720/1369 loss 0.0196
  epoch 7 step 760/1369 loss 0.1384
  epoch 7 step 800/1369 loss 0.0078
  epoch 7 step 840/1369 loss 0.0236
  epoch 7 step 880/1369 loss 0.0000
  epoch 7 step 920/1369 loss 0.0000
  epoch 7 step 960/1369 loss 1.2137
  epoch 7 step 1000/1369 loss 0.1160
  epoch 7 step 1040/1369 loss 0.0039
  epoch 7 step 1080/1369 loss 0.0078
  epoch 7 step 1120/1369 loss 0.0039
  epoch 7 step 1160/1369 loss 0.0039
  epoch 7 step 1200/1369 loss 0.0039
  epoch 7 step 1240/1369 loss 0.0000
  epoch 7 step 1280/1369 loss 0.0000
  epoch 7 step 1320/1369 loss 0.1070
  epoch 7 step 1360/1369 loss 0.0117
epoch 7: avg loss 0.4570
  ai_hub           P=0% R=0% F1=0%
  alpha            P=65% R=74% F1=69%
  components       P=80% R=89% F1=84%
  email            P=69% R=100% F1=82%
  identity_server  P=33% R=100% F1=50%
  person           P=98% R=96% F1=97%
  reels            P=74% R=95% F1=83%
  ssd              P=80% R=100% F1=89%
  studio           P=93% R=96% F1=95%
  trinity          P=90% R=100% F1=95%
  macro F1 74.4%
  epoch 8 step 40/1369 loss 0.0000
  epoch 8 step 80/1369 loss 0.0000
  epoch 8 step 120/1369 loss 0.0000
  epoch 8 step 160/1369 loss 0.6051
  epoch 8 step 200/1369 loss 0.0039
  epoch 8 step 240/1369 loss 0.0078
  epoch 8 step 280/1369 loss 0.0276
  epoch 8 step 320/1369 loss 0.0157
  epoch 8 step 360/1369 loss 0.2839
  epoch 8 step 400/1369 loss 2.9862
  epoch 8 step 440/1369 loss 0.0395
  epoch 8 step 480/1369 loss 0.6443
  epoch 8 step 520/1369 loss 0.0000
  epoch 8 step 560/1369 loss 0.0039
  epoch 8 step 600/1369 loss 15.9581
  epoch 8 step 640/1369 loss 1.9619
  epoch 8 step 680/1369 loss 0.0000
  epoch 8 step 720/1369 loss 8.7064
  epoch 8 step 760/1369 loss 0.0039
  epoch 8 step 800/1369 loss 0.0000
  epoch 8 step 840/1369 loss 0.2976
  epoch 8 step 880/1369 loss 0.0039
  epoch 8 step 920/1369 loss 0.0039
  epoch 8 step 960/1369 loss 2.4608
  epoch 8 step 1000/1369 loss 0.8508
  epoch 8 step 1040/1369 loss 0.0039
  epoch 8 step 1080/1369 loss 0.0000
  epoch 8 step 1120/1369 loss 0.0314
  epoch 8 step 1160/1369 loss 0.0000
  epoch 8 step 1200/1369 loss 1.9563
  epoch 8 step 1240/1369 loss 0.0196
  epoch 8 step 1280/1369 loss 0.0000
  epoch 8 step 1320/1369 loss 0.0039
  epoch 8 step 1360/1369 loss 0.0039
epoch 8: avg loss 0.4093
  ai_hub           P=0% R=0% F1=0%
  alpha            P=65% R=74% F1=69%
  components       P=80% R=89% F1=84%
  email            P=64% R=100% F1=78%
  identity_server  P=33% R=100% F1=50%
  person           P=98% R=96% F1=97%
  reels            P=74% R=95% F1=83%
  ssd              P=80% R=100% F1=89%
  studio           P=93% R=96% F1=95%
  trinity          P=90% R=100% F1=95%
  macro F1 74.0%
early stop (no improvement 3 epochs); best macro F1 74.4% @ epoch 5

DONE. best macro F1 74.4% @ epoch 5; weights in /home/notjitin/Work/Neutrinos/community-insights-dashboard/ml/gliner/checkpoints/forum-v3
